[2026-09-16 15:07:16,209] 1025 httpx - INFO - HTTP Request: GET https://dagshub.com/api/v1/user "HTTP/1.1 200 OK"
[2026-09-16 15:07:16,243] 107 dagshub - INFO - Accessing as MuhammadAbdullah-07
[2026-09-16 15:07:17,430] 1025 httpx - INFO - HTTP Request: GET https://dagshub.com/api/v1/repos/MuhammadAbdullah-07/NetworkSecurity "HTTP/1.1 200 OK"
[2026-09-16 15:07:18,453] 1025 httpx - INFO - HTTP Request: GET https://dagshub.com/api/v1/user "HTTP/1.1 200 OK"
[2026-09-16 15:07:18,455] 107 dagshub - INFO - Initialized MLflow to track repo "MuhammadAbdullah-07/NetworkSecurity"
[2026-09-16 15:07:18,460] 107 dagshub - INFO - Repository MuhammadAbdullah-07/NetworkSecurity initialized!
[2026-09-16 15:07:29,513] 25 networkSecurity - INFO - Data Ingestion initaited
[2026-09-16 15:10:03,103] 76 networkSecurity - INFO - Performing Train Test split on Dataframe
[2026-09-16 15:10:03,104] 82 networkSecurity - INFO - Exporting Train & Test file path
[2026-09-16 15:10:03,176] 92 networkSecurity - INFO - Train & Test file path Exported !
[2026-09-16 15:10:03,177] 28 networkSecurity - INFO - Data initiation Completed
[2026-09-16 15:10:03,178] 37 networkSecurity - INFO - Data Validation initaited
[2026-09-16 15:10:03,295] 40 networkSecurity - INFO - required number of columns:31
[2026-09-16 15:10:03,296] 41 networkSecurity - INFO - dataframe has columns:Index(['having_IP_Address', 'URL_Length', 'Shortining_Service',
       'having_At_Symbol', 'double_slash_redirecting', 'Prefix_Suffix',
       'having_Sub_Domain', 'SSLfinal_State', 'Domain_registeration_length',
       'Favicon', 'port', 'HTTPS_token', 'Request_URL', 'URL_of_Anchor',
       'Links_in_tags', 'SFH', 'Submitting_to_email', 'Abnormal_URL',
       'Redirect', 'on_mouseover', 'RightClick', 'popUpWidnow', 'Iframe',
       'age_of_domain', 'DNSRecord', 'web_traffic', 'Page_Rank',
       'Google_Index', 'Links_pointing_to_page', 'Statistical_report',
       'Result'],
      dtype='str')
[2026-09-16 15:10:03,296] 40 networkSecurity - INFO - required number of columns:31
[2026-09-16 15:10:03,296] 41 networkSecurity - INFO - dataframe has columns:Index(['having_IP_Address', 'URL_Length', 'Shortining_Service',
       'having_At_Symbol', 'double_slash_redirecting', 'Prefix_Suffix',
       'having_Sub_Domain', 'SSLfinal_State', 'Domain_registeration_length',
       'Favicon', 'port', 'HTTPS_token', 'Request_URL', 'URL_of_Anchor',
       'Links_in_tags', 'SFH', 'Submitting_to_email', 'Abnormal_URL',
       'Redirect', 'on_mouseover', 'RightClick', 'popUpWidnow', 'Iframe',
       'age_of_domain', 'DNSRecord', 'web_traffic', 'Page_Rank',
       'Google_Index', 'Links_pointing_to_page', 'Statistical_report',
       'Result'],
      dtype='str')
[2026-09-16 15:10:03,514] 41 networkSecurity - INFO - Data Validation Completed
[2026-09-16 15:10:03,514] 51 networkSecurity - INFO - Data Transformation initaited
[2026-09-16 15:10:03,514] 52 networkSecurity - INFO - We are iniiating the Data Transformation
[2026-09-16 15:10:03,699] 50 networkSecurity - INFO - Pickle filed is dumped ! 
[2026-09-16 15:10:03,704] 50 networkSecurity - INFO - Pickle filed is dumped ! 
[2026-09-16 15:10:03,705] 55 networkSecurity - INFO - Data Transformatiom Completed
[2026-09-16 15:10:03,706] 65 networkSecurity - INFO - Model Trainer initaited
[2026-09-16 15:25:59,101] 50 networkSecurity - INFO - Pickle filed is dumped ! 
[2026-09-16 15:25:59,150] 50 networkSecurity - INFO - Pickle filed is dumped ! 
[2026-09-16 15:25:59,151] 140 networkSecurity - INFO - Model Trainer Artifact:ModelTrainerArtifact(trained_model_file_path='Artifacts\\09_16_2026_15_06_57\\trained_model\\trained_model\\model.pkl', train_metric_artifact=ClassificationMetricsArtifact(f1_score=1.0, precision_score=0.988673139158576, recall_score=0.9932940459256249), test_metric_artifact=ClassificationMetricsArtifact(f1_score=1.0, precision_score=0.9674085850556439, recall_score=0.9846278317152104))
[2026-09-16 15:25:59,208] 69 networkSecurity - INFO - Model Trainer Completed
